Picked up JAVA_TOOL_OPTIONS: -Djdk.gtk.version=2 -Dawt.useSystemAAFontSettings=on
> Task :compileJava
> Task :processResources
> Task :classes
> Task :resolveMainClassName

> Task :bootRun
Picked up JAVA_TOOL_OPTIONS: -Djdk.gtk.version=2 -Dawt.useSystemAAFontSettings=on

  .   ____          _            __ _ _
 /\\ / ___'_ __ _ _(_)_ __  __ _ \ \ \ \
( ( )\___ | '_ | '_| | '_ \/ _` | \ \ \ \
 \\/  ___)| |_)| | | | | || (_| |  ) ) ) )
  '  |____| .__|_| |_|_| |_\__, | / / / /
 =========|_|==============|___/=/_/_/_/

 :: Spring Boot ::                (v3.5.0)

2025-06-20 12:43:28 - Starting BrokerManagerApplication using Java 21.0.7 with PID 76883 (/home/editapme/personal/broker-manager/build/classes/java/main started by editapme in /home/editapme/personal/broker-manager)
2025-06-20 12:43:28 - Running with Spring Boot v3.5.0, Spring v6.2.7
2025-06-20 12:43:28 - The following 1 profile is active: "local"
2025-06-20 12:43:29 - Bootstrapping Spring Data JPA repositories in DEFAULT mode.
2025-06-20 12:43:29 - Finished Spring Data repository scanning in 42 ms. Found 1 JPA repository interface.
2025-06-20 12:43:30 - Tomcat initialized with port 8080 (http)
2025-06-20 12:43:30 - Starting service [Tomcat]
2025-06-20 12:43:30 - Starting Servlet engine: [Apache Tomcat/10.1.41]
2025-06-20 12:43:30 - Initializing Spring embedded WebApplicationContext
2025-06-20 12:43:30 - Root WebApplicationContext: initialization completed in 1745 ms
2025-06-20 12:43:30 - HHH000204: Processing PersistenceUnitInfo [name: default]
2025-06-20 12:43:30 - HHH000412: Hibernate ORM core version 6.6.15.Final
2025-06-20 12:43:30 - HHH000026: Second-level cache disabled
2025-06-20 12:43:30 - No LoadTimeWeaver setup: ignoring JPA class transformer
2025-06-20 12:43:30 - HikariPool-1 - Starting...
2025-06-20 12:43:30 - HikariPool-1 - Added connection org.sqlite.jdbc4.JDBC4Connection@6f67ece5
2025-06-20 12:43:30 - HikariPool-1 - Start completed.
2025-06-20 12:43:30 - HHH10001005: Database info:
	Database JDBC URL [Connecting through datasource 'HikariDataSource (HikariPool-1)']
	Database driver: undefined/unknown
	Database version: 3.49.1
	Autocommit mode: undefined/unknown
	Isolation level: undefined/unknown
	Minimum pool size: undefined/unknown
	Maximum pool size: undefined/unknown
2025-06-20 12:43:31 - HHH000489: No JTA platform available (set 'hibernate.transaction.jta.platform' to enable JTA platform integration)
2025-06-20 12:43:31 - Initialized JPA EntityManagerFactory for persistence unit 'default'
2025-06-20 12:43:31 - Hibernate is in classpath; If applicable, HQL parser will be used.
2025-06-20 12:43:32 - Repositorio inicializado con conexión por defecto: Localhost (Default)
2025-06-20 12:43:32 - spring.jpa.open-in-view is enabled by default. Therefore, database queries may be performed during view rendering. Explicitly configure spring.jpa.open-in-view to disable this warning
2025-06-20 12:43:32 - Exposing 4 endpoints beneath base path '/actuator'
2025-06-20 12:43:32 - 

Using generated security password: e5bd01d4-9540-48b4-a2bc-efc558c6d4de

This generated password is for development use only. Your security configuration must be updated before running your application in production.

2025-06-20 12:43:32 - Global AuthenticationManager configured with UserDetailsService bean with name inMemoryUserDetailsManager
2025-06-20 12:43:33 - Tomcat started on port 8080 (http) with context path '/'
2025-06-20 12:43:33 - Started BrokerManagerApplication in 5.391 seconds (process running for 5.708)
2025-06-20 12:43:33 - Conexiones ya existen, omitiendo inicialización por defecto
2025-06-20 12:43:35 - Initializing Spring DispatcherServlet 'dispatcherServlet'
2025-06-20 12:43:35 - Initializing Servlet 'dispatcherServlet'
2025-06-20 12:43:35 - Completed initialization in 1 ms
2025-06-20 12:43:35 - Solicitando lista de todas las conexiones
2025-06-20 12:43:35 - Se encontraron 1 conexiones
